DELL@DESKTOP-V0VHU0B MINGW64 /c/assignment (master)
$ git config --global user.name "umasankar"

DELL@DESKTOP-V0VHU0B MINGW64 /c/assignment (master)
$ git config --global user.email "umashankarmantra"

DELL@DESKTOP-V0VHU0B MINGW64 /c/assignment (master)
$ git config --list
diff.astextplain.textconv=astextplain
filter.lfs.clean=git-lfs clean -- %f
filter.lfs.smudge=git-lfs smudge -- %f
filter.lfs.process=git-lfs filter-process
filter.lfs.required=true
http.sslbackend=openssl
http.sslcainfo=C:/Program Files/Git/mingw64/etc/ssl/certs/ca-bundle.crt
core.autocrlf=true
core.fscache=true
core.symlinks=false
core.editor=notepad
pull.rebase=false
credential.helper=manager
credential.https://dev.azure.com.usehttppath=true
init.defaultbranch=master
gui.recentrepo=C:/Users/DELL/Desktop/uma6190
gui.recentrepo=C:/Users/DELL/Desktop/Newclass6190
user.email=umashankarmantra
user.name=umasankar
core.repositoryformatversion=0
core.filemode=false
core.bare=false
core.logallrefupdates=true




DELL@DESKTOP-V0VHU0B MINGW64 /c/assignment (master)
$ ls
Assignment.txt  sampleassignmet.txt

DELL@DESKTOP-V0VHU0B MINGW64 /c/assignment (master)
$ git status
On branch master

No commits yet

Untracked files:
  (use "git add <file>..." to include in what will be committed)
        Assignment.txt
        sampleassignmet.txt

nothing added to commit but untracked files present (use "git add" to track)

DELL@DESKTOP-V0VHU0B MINGW64 /c/assignment (master)
$ git add .
warning: in the working copy of 'sampleassignmet.txt', LF will be replaced by CR
LF the next time Git touches it

DELL@DESKTOP-V0VHU0B MINGW64 /c/assignment (master)
$ git status
On branch master

No commits yet

Changes to be committed:
  (use "git rm --cached <file>..." to unstage)
        new file:   Assignment.txt
        new file:   sampleassignmet.txt


DELL@DESKTOP-V0VHU0B MINGW64 /c/assignment (master)
$ git commit -m "my assignment"
[master (root-commit) ee254f3] my assignment
 2 files changed, 1 insertion(+)
 create mode 100644 Assignment.txt
 create mode 100644 sampleassignmet.txt



DELL@DESKTOP-V0VHU0B MINGW64 /c/assignment (master)
$ cd ..

DELL@DESKTOP-V0VHU0B MINGW64 /c
$ cd ..

DELL@DESKTOP-V0VHU0B MINGW64 /
$ cd ~

DELL@DESKTOP-V0VHU0B MINGW64 ~
$ ssh-keygen
Generating public/private rsa key pair.
Enter file in which to save the key (/c/Users/DELL/.ssh/id_rsa):
/c/Users/DELL/.ssh/id_rsa already exists.
Overwrite (y/n)? n

DELL@DESKTOP-V0VHU0B MINGW64 ~
$ ls
'3D Objects'/
 AppData/
'Application Data'@
 C:mydemomygit/
 Contacts/
 Cookies@
 Desktop/
 Documents/
 Downloads/
 Favorites/
 IntelGraphicsProfiles/
 Links/
'Local Settings'@
 Music/
'My Documents'@
 NTUSER.DAT
 NTUSER.DAT{53b39e88-18c4-11ea-a811-000d3aa4692b}.TM.blf
 NTUSER.DAT{53b39e88-18c4-11ea-a811-000d3aa4692b}.TMContainer00000000000000000001.regtrans-ms
 NTUSER.DAT{53b39e88-18c4-11ea-a811-000d3aa4692b}.TMContainer00000000000000000002.regtrans-ms
 NetHood@
 OneDrive/
 Pictures/
 PrintHood@
 Recent@
'Saved Games'/
 Searches/
 SendTo@
'Start Menu'@
 Templates@
 Videos/
 configuration-Office2019Enterprise.xml
 configuration-Office2021Enterprise.xml
 configuration-Office365-x64.xml
 configuration-Office365-x86.xml
 git_demo/
 mydemomygit/
 mygit/
 mygit1/
 ntuser.dat.LOG1
 ntuser.dat.LOG2
 ntuser.ini
 setup.exe*
 uma6190/

DELL@DESKTOP-V0VHU0B MINGW64 ~
$ eval "$(ssh-agent -s)"
Agent pid 2244

DELL@DESKTOP-V0VHU0B MINGW64 ~
$ ssh-add ~/.ssh/id_rsa
Identity added: /c/Users/DELL/.ssh/id_rsa (DELL@DESKTOP-V0VHU0B)

DELL@DESKTOP-V0VHU0B MINGW64 ~
$ cat id_rsa.pub
cat: id_rsa.pub: No such file or directory

DELL@DESKTOP-V0VHU0B MINGW64 ~
$ ssh-keygen
Generating public/private rsa key pair.
Enter file in which to save the key (/c/Users/DELL/.ssh/id_rsa):
/c/Users/DELL/.ssh/id_rsa already exists.
Overwrite (y/n)? y
Enter passphrase (empty for no passphrase):
Enter same passphrase again:
Your identification has been saved in /c/Users/DELL/.ssh/id_rsa
Your public key has been saved in /c/Users/DELL/.ssh/id_rsa.pub
The key fingerprint is:
SHA256:Q+QqbtRv1nT+Wa9Y9ynqNB5pOdDEZg8o7xAy8RbwcDU DELL@DESKTOP-V0VHU0B
The key's randomart image is:
+---[RSA 3072]----+
|     +.ooE       |
|      *o. +      |
|     o *o. *     |
|     .+o+ = o    |
|    o o.So....   |
|   o . .o+.oo    |
|    o   +..O. . o|
|   .   o  + += ++|
|          .+o =oo|
+----[SHA256]-----+

DELL@DESKTOP-V0VHU0B MINGW64 ~
$ ls
'3D Objects'/
 AppData/
'Application Data'@
 C:mydemomygit/
 Contacts/
 Cookies@
 Desktop/
 Documents/
 Downloads/
 Favorites/
 IntelGraphicsProfiles/
 Links/
'Local Settings'@
 Music/
'My Documents'@
 NTUSER.DAT
 NTUSER.DAT{53b39e88-18c4-11ea-a811-000d3aa4692b}.TM.blf
 NTUSER.DAT{53b39e88-18c4-11ea-a811-000d3aa4692b}.TMContainer00000000000000000001.regtrans-ms
 NTUSER.DAT{53b39e88-18c4-11ea-a811-000d3aa4692b}.TMContainer00000000000000000002.regtrans-ms
 NetHood@
 OneDrive/
 Pictures/
 PrintHood@
 Recent@
'Saved Games'/
 Searches/
 SendTo@
'Start Menu'@
 Templates@
 Videos/
 configuration-Office2019Enterprise.xml
 configuration-Office2021Enterprise.xml
 configuration-Office365-x64.xml
 configuration-Office365-x86.xml
 git_demo/
 mydemomygit/
 mygit/
 mygit1/
 ntuser.dat.LOG1
 ntuser.dat.LOG2
 ntuser.ini
 setup.exe*
 uma6190/

DELL@DESKTOP-V0VHU0B MINGW64 ~
$ cat id_rsa.pub
cat: id_rsa.pub: No such file or directory

DELL@DESKTOP-V0VHU0B MINGW64 ~
$ cd ~/.ssh

DELL@DESKTOP-V0VHU0B MINGW64 ~/.ssh
$ ls
id_rsa  id_rsa.pub  known_hosts  known_hosts.old

DELL@DESKTOP-V0VHU0B MINGW64 ~/.ssh
$ cat id_rsa.pub
ssh-rsa AAAAB3NzaC1yc2EAAAADAQABAAABgQDNSnS80yGs1mZrHwZO65qaYsbCo4VOgjrxmUif+L2VGw4AfSPBqVpmP7Ri3t9xe97cGjM2JtpVFh5tVfQ1ERuSoSMUGh+R1N1vcht/F1OPa+YXU42yF0t29+I0MDzOtM5bmUh/gMD9XXzFVS0rIz3u4U9rx8ZrK7qlHTDhxuRO1nXx3aiUQuUPn5uCfX0As3BrYl2wn3RlGwjAA7ehe710kN6Cxj58SZ7FN6HssnwEYtANF5TMOqHBjRNHcTWhsivi+GW40bkf+uiQ+rW3RT8gof9wandCMxXF3oUDIcwZhgHd5TbZWI2dlpCbbGWaVqVjy3daI1T8nlWF1NCvN+uxdBNKb3FWNdC+kwvlMRclUUuPgrwOInn1dC1uQMUKJaeSlwb2ePQxO5915XHtyhkOWygxZ3zSdv2eSdJkYWY4uT8R1xVOTzJO+luMowVqtKKvggRWFuyGBx4emk7eMnDEZPhLIKnqwvdASoQ5aQWaGEMGTpj4IsI/TvJ/hqUwirs= DELL@DESKTOP-V0VHU0B



$ ls
Assignment.txt  sampleassignmet.txt

DELL@DESKTOP-V0VHU0B MINGW64 /c/assignment (master)
$ git remote add origin git@github.com:Uma-6190/assignment.git

DELL@DESKTOP-V0VHU0B MINGW64 /c/assignment (master)
$ git push -u origin master
Enumerating objects: 4, done.
Counting objects: 100% (4/4), done.
Delta compression using up to 4 threads
Compressing objects: 100% (2/2), done.
Writing objects: 100% (4/4), 270 bytes | 45.00 KiB/s, done.
Total 4 (delta 0), reused 0 (delta 0), pack-reused 0
To github.com:Uma-6190/assignment.git
 * [new branch]      master -> master
branch 'master' set up to track 'origin/master'.